vite.config.ts (1:356) [33m[UNRESOLVED_IMPORT] [0mCould not resolve 'vite' in vite.config.ts
 - Module not found, treating it as an external dependency in vite.config.ts at 356..362

vite.config.ts (2:18) [33m[UNRESOLVED_IMPORT] [0mCould not resolve '@vitejs/plugin-react' in vite.config.ts
   [38;5;246m╭[0m[38;5;246m─[0m[38;5;246m[[0m vite.config.ts:2:19 [38;5;246m][0m
   [38;5;246m│[0m
 [38;5;246m2 │[0m [38;5;249mi[0m[38;5;249mm[0m[38;5;249mp[0m[38;5;249mo[0m[38;5;249mr[0m[38;5;249mt[0m[38;5;249m [0m[38;5;249mr[0m[38;5;249me[0m[38;5;249ma[0m[38;5;249mc[0m[38;5;249mt[0m[38;5;249m [0m[38;5;249mf[0m[38;5;249mr[0m[38;5;249mo[0m[38;5;249mm[0m[38;5;249m [0m'@vitejs/plugin-react'[38;5;249m;[0m
 [38;5;240m  │[0m                   ───────────┬──────────  
 [38;5;240m  │[0m                              ╰──────────── Module not found, treating it as an external dependency
[38;5;246m───╯[0m

[31mfailed to load config from C:\Users\Ranji\Downloads\ocanscope3d\apps\web\vite.config.ts[39m
[31merror when starting dev server:
Error [ERR_MODULE_NOT_FOUND]: Cannot find package 'vite' imported from C:\Users\Ranji\Downloads\ocanscope3d\apps\web\vite.config.ts.timestamp-1788121601607-431e28f639923.mjs
    at Object.getPackageJSONURL (node:internal/modules/package_json_reader:301:9)
    at packageResolve (node:internal/modules/esm/resolve:768:81)
    at moduleResolve (node:internal/modules/esm/resolve:859:18)
    at defaultResolve (node:internal/modules/esm/resolve:992:11)
    at #cachedDefaultResolve (node:internal/modules/esm/loader:701:20)
    at #resolveAndMaybeBlockOnLoaderThread (node:internal/modules/esm/loader:721:38)
    at ModuleLoader.resolveSync (node:internal/modules/esm/loader:759:56)
    at #resolve (node:internal/modules/esm/loader:683:17)
    at ModuleLoader.getOrCreateModuleJob (node:internal/modules/esm/loader:603:35)
    at ModuleJob.syncLink (node:internal/modules/esm/module_job:163:33) {
  code: 'ERR_MODULE_NOT_FOUND'
}[39m
